---
source: hugr-core/src/hugr/views/tests.rs
expression: h.mermaid_string()
---
graph LR
    subgraph 0 ["(0) FuncDefn: #quot;test#quot;"]
        direction LR
        1["(1) Input"]
        2["(2) Output"]
        1--"0:0<br>Bool"-->2
    end
