---
source: quantinuum-hugr/src/hugr/views/tests.rs
expression: h.dot_string()
---
digraph {
0 [shape=plain label=<<table border="1"><tr><td align="text" border="0" colspan="1">(0) CFG</td></tr></table>>]
1 [shape=plain label=<<table border="1"><tr><td port="in0" align="text" colspan="1" cellpadding="1" border="0">0</td></tr><tr><td align="text" border="0" colspan="1">(1) ExitBlock</td></tr></table>>]
2 [shape=plain label=<<table border="1"><tr><td port="in0" align="text" colspan="2" cellpadding="1" border="0">0</td></tr><tr><td align="text" border="0" colspan="2">(2) DataflowBlock</td></tr><tr><td port="out0" align="text" colspan="1" cellpadding="1" border="0">0</td><td port="out1" align="text" colspan="1" cellpadding="1" border="0">1</td></tr></table>>]
2:out0 -> 6:in0 [style="dashed"]
2:out1 -> 1:in0 [style="dashed"]
3 [shape=plain label=<<table border="1"><tr><td align="text" border="0" colspan="1">(3) Input</td></tr><tr><td port="out0" align="text" colspan="1" cellpadding="1" >0: usize</td></tr></table>>]
3:out0 -> 5:in0 [style=""]
4 [shape=plain label=<<table border="1"><tr><td port="in0" align="text" colspan="1" cellpadding="1" >0: [usize]+[usize]</td></tr><tr><td align="text" border="0" colspan="1">(4) Output</td></tr></table>>]
5 [shape=plain label=<<table border="1"><tr><td port="in0" align="text" colspan="1" cellpadding="1" >0: usize</td></tr><tr><td align="text" border="0" colspan="1">(5) Tag</td></tr><tr><td port="out0" align="text" colspan="1" cellpadding="1" >0: [usize]+[usize]</td></tr></table>>]
5:out0 -> 4:in0 [style=""]
6 [shape=plain label=<<table border="1"><tr><td port="in0" align="text" colspan="1" cellpadding="1" border="0">0</td></tr><tr><td align="text" border="0" colspan="1">(6) DataflowBlock</td></tr><tr><td port="out0" align="text" colspan="1" cellpadding="1" border="0">0</td></tr></table>>]
6:out0 -> 1:in0 [style="dashed"]
7 [shape=plain label=<<table border="1"><tr><td align="text" border="0" colspan="1">(7) Input</td></tr><tr><td port="out0" align="text" colspan="1" cellpadding="1" >0: usize</td></tr></table>>]
7:out0 -> 8:in1 [style=""]
8 [shape=plain label=<<table border="1"><tr><td port="in0" align="text" colspan="1" cellpadding="1" >0: []</td><td port="in1" align="text" colspan="1" cellpadding="1" >1: usize</td></tr><tr><td align="text" border="0" colspan="2">(8) Output</td></tr></table>>]
9 [shape=plain label=<<table border="1"><tr><td align="text" border="0" colspan="1">(9) const:sum:{tag:0, vals:[]}</td></tr><tr><td port="out0" align="text" colspan="1" cellpadding="1" >0: []</td></tr></table>>]
9:out0 -> 10:in0 [style=""]
10 [shape=plain label=<<table border="1"><tr><td port="in0" align="text" colspan="1" cellpadding="1" >0: []</td></tr><tr><td align="text" border="0" colspan="1">(10) LoadConstant</td></tr><tr><td port="out0" align="text" colspan="1" cellpadding="1" >0: []</td></tr></table>>]
10:out0 -> 8:in0 [style=""]
hier0 [shape=plain label="0"]
hier0 -> hier2  [style = "dashed"] 
hier0 -> hier1  [style = "dashed"] 
hier0 -> hier6  [style = "dashed"] 
hier1 [shape=plain label="1"]
hier2 [shape=plain label="2"]
hier2 -> hier3  [style = "dashed"] 
hier2 -> hier4  [style = "dashed"] 
hier2 -> hier5  [style = "dashed"] 
hier3 [shape=plain label="3"]
hier4 [shape=plain label="4"]
hier5 [shape=plain label="5"]
hier6 [shape=plain label="6"]
hier6 -> hier7  [style = "dashed"] 
hier6 -> hier8  [style = "dashed"] 
hier6 -> hier9  [style = "dashed"] 
hier6 -> hier10  [style = "dashed"] 
hier7 [shape=plain label="7"]
hier8 [shape=plain label="8"]
hier9 [shape=plain label="9"]
hier10 [shape=plain label="10"]
}
