---
source: hugr-llvm/src/extension/prelude.rs
expression: mod_str
---
; ModuleID = 'test_context'
source_filename = "test_context"

define { i1, i1 } @_hl.main.1(i1 %0, i1 %1) {
alloca_block:
  br label %entry_block

entry_block:                                      ; preds = %alloca_block
  %mrv = insertvalue { i1, i1 } undef, i1 undef, 0
  %mrv7 = insertvalue { i1, i1 } %mrv, i1 undef, 1
  ret { i1, i1 } %mrv7
}
