---
source: src/extension/prelude.rs
expression: mod_str
---
; ModuleID = 'test_context'
source_filename = "test_context"

@sym2 = external global { i32, { i64, { i32, {}, {}, {} } }, {} }
@sym1 = external constant i64

define { i64, { i32, { i64, { i32, {}, {}, {} } }, {} } } @_hl.main.1() {
alloca_block:
  %"0" = alloca i64, align 8
  %"1" = alloca { i32, { i64, { i32, {}, {}, {} } }, {} }, align 8
  %"7_0" = alloca { i32, { i64, { i32, {}, {}, {} } }, {} }, align 8
  %"5_0" = alloca i64, align 8
  br label %entry_block

entry_block:                                      ; preds = %alloca_block
  %sym2 = load { i32, { i64, { i32, {}, {}, {} } }, {} }, { i32, { i64, { i32, {}, {}, {} } }, {} }* @sym2, align 4
  store { i32, { i64, { i32, {}, {}, {} } }, {} } %sym2, { i32, { i64, { i32, {}, {}, {} } }, {} }* %"7_0", align 4
  %sym1 = load i64, i64* @sym1, align 4
  store i64 %sym1, i64* %"5_0", align 4
  %"5_01" = load i64, i64* %"5_0", align 4
  %"7_02" = load { i32, { i64, { i32, {}, {}, {} } }, {} }, { i32, { i64, { i32, {}, {}, {} } }, {} }* %"7_0", align 4
  store i64 %"5_01", i64* %"0", align 4
  store { i32, { i64, { i32, {}, {}, {} } }, {} } %"7_02", { i32, { i64, { i32, {}, {}, {} } }, {} }* %"1", align 4
  %"03" = load i64, i64* %"0", align 4
  %"14" = load { i32, { i64, { i32, {}, {}, {} } }, {} }, { i32, { i64, { i32, {}, {}, {} } }, {} }* %"1", align 4
  %mrv = insertvalue { i64, { i32, { i64, { i32, {}, {}, {} } }, {} } } undef, i64 %"03", 0
  %mrv5 = insertvalue { i64, { i32, { i64, { i32, {}, {}, {} } }, {} } } %mrv, { i32, { i64, { i32, {}, {}, {} } }, {} } %"14", 1
  ret { i64, { i32, { i64, { i32, {}, {}, {} } }, {} } } %mrv5
}
