---
source: hugr-llvm/src/extension/logic.rs
expression: mod_str
---
; ModuleID = 'test_context'
source_filename = "test_context"

define { i32, {}, {} } @_hl.main.1({ i32, {}, {} } %0) {
alloca_block:
  br label %entry_block

entry_block:                                      ; preds = %alloca_block
  %1 = extractvalue { i32, {}, {} } %0, 0
  %2 = xor i32 %1, -1
  %3 = trunc i32 %2 to i1
  %4 = select i1 %3, { i32, {}, {} } { i32 1, {} poison, {} undef }, { i32, {}, {} } { i32 0, {} undef, {} poison }
  ret { i32, {}, {} } %4
}
