---
source: hugr-llvm/src/extension/collections.rs
expression: mod_str
---
; ModuleID = 'test_context'
source_filename = "test_context"

define { i8*, i64 } @_hl.main.1(i8* %0) {
alloca_block:
  br label %entry_block

entry_block:                                      ; preds = %alloca_block
  %1 = call i64 @__rt__list__length(i8* %0)
  %mrv = insertvalue { i8*, i64 } undef, i8* %0, 0
  %mrv6 = insertvalue { i8*, i64 } %mrv, i64 %1, 1
  ret { i8*, i64 } %mrv6
}

declare i64 @__rt__list__length(i8*)
