---
source: src/extension/conversions.rs
expression: mod_str
---
; ModuleID = 'test_context'
source_filename = "test_context"

define { i32, {}, {} } @_hl.main.1(i8 %0) {
alloca_block:
  br label %entry_block

entry_block:                                      ; preds = %alloca_block
  %eq1 = icmp eq i8 %0, 1
  %1 = select i1 %eq1, { i32, {}, {} } { i32 1, {} poison, {} undef }, { i32, {}, {} } { i32 0, {} undef, {} poison }
  ret { i32, {}, {} } %1
}
