---
source: hugr-persistent/src/persistent_hugr/serial.rs
expression: "serde_json::to_string_pretty(&ser_per_hugr).unwrap()"
---
{
  "state_space": {
    "graph": {
      "nodes": {
        "4988c9cc961cdd04": {
          "value": {
            "Replacement": {
              "subgraph": {
                "nodes": [
                  [
                    "a636a4789ca929c1",
                    9
                  ],
                  [
                    "53404fc89a5b596a",
                    8
                  ]
                ],
                "inputs": [
                  [
                    [
                      [
                        "53404fc89a5b596a",
                        8
                      ],
                      {
                        "index": 0
                      }
                    ]
                  ],
                  [
                    [
                      [
                        "a636a4789ca929c1",
                        9
                      ],
                      {
                        "index": 1
                      }
                    ]
                  ]
                ],
                "outputs": [
                  [
                    [
                      "a636a4789ca929c1",
                      9
                    ],
                    {
                      "index": 0
                    }
                  ]
                ]
              },
              "replacement": {
                "hugr": "HUGRiHJv?@{\"modules\":[{\"version\":\"live\",\"nodes\":[{\"parent\":0,\"op\":\"Module\"},{\"parent\":0,\"op\":\"FuncDefn\",\"name\":\"main\",\"signature\":{\"params\":[],\"body\":{\"input\":[{\"t\":\"Sum\",\"s\":\"Unit\",\"size\":2},{\"t\":\"Sum\",\"s\":\"Unit\",\"size\":2}],\"output\":[{\"t\":\"Sum\",\"s\":\"Unit\",\"size\":2}]}},\"visibility\":\"Public\"},{\"parent\":1,\"op\":\"Input\",\"types\":[{\"t\":\"Sum\",\"s\":\"Unit\",\"size\":2},{\"t\":\"Sum\",\"s\":\"Unit\",\"size\":2}]},{\"parent\":1,\"op\":\"Output\",\"types\":[{\"t\":\"Sum\",\"s\":\"Unit\",\"size\":2}]},{\"parent\":1,\"op\":\"DFG\",\"signature\":{\"input\":[{\"t\":\"Sum\",\"s\":\"Unit\",\"size\":2},{\"t\":\"Sum\",\"s\":\"Unit\",\"size\":2}],\"output\":[{\"t\":\"Sum\",\"s\":\"Unit\",\"size\":2}]}},{\"parent\":4,\"op\":\"Input\",\"types\":[{\"t\":\"Sum\",\"s\":\"Unit\",\"size\":2},{\"t\":\"Sum\",\"s\":\"Unit\",\"size\":2}]},{\"parent\":4,\"op\":\"Output\",\"types\":[{\"t\":\"Sum\",\"s\":\"Unit\",\"size\":2}]},{\"parent\":4,\"op\":\"Extension\",\"extension\":\"logic\",\"name\":\"Xor\",\"args\":[],\"signature\":{\"input\":[{\"t\":\"Sum\",\"s\":\"Unit\",\"size\":2},{\"t\":\"Sum\",\"s\":\"Unit\",\"size\":2}],\"output\":[{\"t\":\"Sum\",\"s\":\"Unit\",\"size\":2}]}}],\"edges\":[[[2,0],[4,0]],[[2,1],[4,1]],[[4,0],[3,0]],[[5,0],[7,0]],[[5,1],[7,1]],[[7,0],[6,0]]],\"metadata\":[null,null,null,null,null,null,null,null],\"encoder\":\"hugr-rs v0.20.2\",\"entrypoint\":4}],\"extensions\":[]}"
              }
            }
          },
          "incoming": [
            [
              "a636a4789ca929c1",
              null
            ],
            [
              "53404fc89a5b596a",
              null
            ]
          ]
        },
        "53404fc89a5b596a": {
          "value": {
            "Replacement": {
              "subgraph": {
                "nodes": [
                  [
                    "a636a4789ca929c1",
                    7
                  ]
                ],
                "inputs": [
                  [
                    [
                      [
                        "a636a4789ca929c1",
                        7
                      ],
                      {
                        "index": 0
                      }
                    ]
                  ]
                ],
                "outputs": [
                  [
                    [
                      "a636a4789ca929c1",
                      7
                    ],
                    {
                      "index": 0
                    }
                  ]
                ]
              },
              "replacement": {
                "hugr": "HUGRiHJv?@{\"modules\":[{\"version\":\"live\",\"nodes\":[{\"parent\":0,\"op\":\"Module\"},{\"parent\":0,\"op\":\"FuncDefn\",\"name\":\"main\",\"signature\":{\"params\":[],\"body\":{\"input\":[{\"t\":\"Sum\",\"s\":\"Unit\",\"size\":2}],\"output\":[{\"t\":\"Sum\",\"s\":\"Unit\",\"size\":2}]}},\"visibility\":\"Public\"},{\"parent\":1,\"op\":\"Input\",\"types\":[{\"t\":\"Sum\",\"s\":\"Unit\",\"size\":2}]},{\"parent\":1,\"op\":\"Output\",\"types\":[{\"t\":\"Sum\",\"s\":\"Unit\",\"size\":2}]},{\"parent\":1,\"op\":\"DFG\",\"signature\":{\"input\":[{\"t\":\"Sum\",\"s\":\"Unit\",\"size\":2}],\"output\":[{\"t\":\"Sum\",\"s\":\"Unit\",\"size\":2}]}},{\"parent\":4,\"op\":\"Input\",\"types\":[{\"t\":\"Sum\",\"s\":\"Unit\",\"size\":2}]},{\"parent\":4,\"op\":\"Output\",\"types\":[{\"t\":\"Sum\",\"s\":\"Unit\",\"size\":2}]},{\"parent\":4,\"op\":\"Extension\",\"extension\":\"logic\",\"name\":\"Not\",\"args\":[],\"signature\":{\"input\":[{\"t\":\"Sum\",\"s\":\"Unit\",\"size\":2}],\"output\":[{\"t\":\"Sum\",\"s\":\"Unit\",\"size\":2}]}},{\"parent\":4,\"op\":\"Extension\",\"extension\":\"logic\",\"name\":\"Not\",\"args\":[],\"signature\":{\"input\":[{\"t\":\"Sum\",\"s\":\"Unit\",\"size\":2}],\"output\":[{\"t\":\"Sum\",\"s\":\"Unit\",\"size\":2}]}}],\"edges\":[[[2,0],[4,0]],[[4,0],[3,0]],[[5,0],[7,0]],[[7,0],[8,0]],[[8,0],[6,0]]],\"metadata\":[null,null,null,null,null,null,null,null,null],\"encoder\":\"hugr-rs v0.20.2\",\"entrypoint\":4}],\"extensions\":[]}"
              }
            }
          },
          "incoming": [
            [
              "a636a4789ca929c1",
              null
            ]
          ]
        },
        "9c7867f6a8cc74c8": {
          "value": {
            "Replacement": {
              "subgraph": {
                "nodes": [
                  [
                    "a636a4789ca929c1",
                    8
                  ]
                ],
                "inputs": [
                  [
                    [
                      [
                        "a636a4789ca929c1",
                        8
                      ],
                      {
                        "index": 0
                      }
                    ]
                  ]
                ],
                "outputs": [
                  [
                    [
                      "a636a4789ca929c1",
                      8
                    ],
                    {
                      "index": 0
                    }
                  ]
                ]
              },
              "replacement": {
                "hugr": "HUGRiHJv?@{\"modules\":[{\"version\":\"live\",\"nodes\":[{\"parent\":0,\"op\":\"Module\"},{\"parent\":0,\"op\":\"FuncDefn\",\"name\":\"main\",\"signature\":{\"params\":[],\"body\":{\"input\":[{\"t\":\"Sum\",\"s\":\"Unit\",\"size\":2}],\"output\":[{\"t\":\"Sum\",\"s\":\"Unit\",\"size\":2}]}},\"visibility\":\"Public\"},{\"parent\":1,\"op\":\"Input\",\"types\":[{\"t\":\"Sum\",\"s\":\"Unit\",\"size\":2}]},{\"parent\":1,\"op\":\"Output\",\"types\":[{\"t\":\"Sum\",\"s\":\"Unit\",\"size\":2}]},{\"parent\":1,\"op\":\"DFG\",\"signature\":{\"input\":[{\"t\":\"Sum\",\"s\":\"Unit\",\"size\":2}],\"output\":[{\"t\":\"Sum\",\"s\":\"Unit\",\"size\":2}]}},{\"parent\":4,\"op\":\"Input\",\"types\":[{\"t\":\"Sum\",\"s\":\"Unit\",\"size\":2}]},{\"parent\":4,\"op\":\"Output\",\"types\":[{\"t\":\"Sum\",\"s\":\"Unit\",\"size\":2}]},{\"parent\":4,\"op\":\"Extension\",\"extension\":\"logic\",\"name\":\"Not\",\"args\":[],\"signature\":{\"input\":[{\"t\":\"Sum\",\"s\":\"Unit\",\"size\":2}],\"output\":[{\"t\":\"Sum\",\"s\":\"Unit\",\"size\":2}]}},{\"parent\":4,\"op\":\"Extension\",\"extension\":\"logic\",\"name\":\"Not\",\"args\":[],\"signature\":{\"input\":[{\"t\":\"Sum\",\"s\":\"Unit\",\"size\":2}],\"output\":[{\"t\":\"Sum\",\"s\":\"Unit\",\"size\":2}]}}],\"edges\":[[[2,0],[4,0]],[[4,0],[3,0]],[[5,0],[7,0]],[[7,0],[8,0]],[[8,0],[6,0]]],\"metadata\":[null,null,null,null,null,null,null,null,null],\"encoder\":\"hugr-rs v0.20.2\",\"entrypoint\":4}],\"extensions\":[]}"
              }
            }
          },
          "incoming": [
            [
              "a636a4789ca929c1",
              null
            ]
          ]
        },
        "a636a4789ca929c1": {
          "value": {
            "Base": {
              "hugr": "HUGRiHJv?@{\"modules\":[{\"version\":\"live\",\"nodes\":[{\"parent\":0,\"op\":\"Module\"},{\"parent\":0,\"op\":\"FuncDefn\",\"name\":\"main\",\"signature\":{\"params\":[],\"body\":{\"input\":[{\"t\":\"Sum\",\"s\":\"Unit\",\"size\":2},{\"t\":\"Sum\",\"s\":\"Unit\",\"size\":2}],\"output\":[{\"t\":\"Sum\",\"s\":\"Unit\",\"size\":2}]}},\"visibility\":\"Public\"},{\"parent\":1,\"op\":\"Input\",\"types\":[{\"t\":\"Sum\",\"s\":\"Unit\",\"size\":2},{\"t\":\"Sum\",\"s\":\"Unit\",\"size\":2}]},{\"parent\":1,\"op\":\"Output\",\"types\":[{\"t\":\"Sum\",\"s\":\"Unit\",\"size\":2}]},{\"parent\":1,\"op\":\"DFG\",\"signature\":{\"input\":[{\"t\":\"Sum\",\"s\":\"Unit\",\"size\":2},{\"t\":\"Sum\",\"s\":\"Unit\",\"size\":2}],\"output\":[{\"t\":\"Sum\",\"s\":\"Unit\",\"size\":2}]}},{\"parent\":4,\"op\":\"Input\",\"types\":[{\"t\":\"Sum\",\"s\":\"Unit\",\"size\":2},{\"t\":\"Sum\",\"s\":\"Unit\",\"size\":2}]},{\"parent\":4,\"op\":\"Output\",\"types\":[{\"t\":\"Sum\",\"s\":\"Unit\",\"size\":2}]},{\"parent\":4,\"op\":\"Extension\",\"extension\":\"logic\",\"name\":\"Not\",\"args\":[],\"signature\":{\"input\":[{\"t\":\"Sum\",\"s\":\"Unit\",\"size\":2}],\"output\":[{\"t\":\"Sum\",\"s\":\"Unit\",\"size\":2}]}},{\"parent\":4,\"op\":\"Extension\",\"extension\":\"logic\",\"name\":\"Not\",\"args\":[],\"signature\":{\"input\":[{\"t\":\"Sum\",\"s\":\"Unit\",\"size\":2}],\"output\":[{\"t\":\"Sum\",\"s\":\"Unit\",\"size\":2}]}},{\"parent\":4,\"op\":\"Extension\",\"extension\":\"logic\",\"name\":\"And\",\"args\":[],\"signature\":{\"input\":[{\"t\":\"Sum\",\"s\":\"Unit\",\"size\":2},{\"t\":\"Sum\",\"s\":\"Unit\",\"size\":2}],\"output\":[{\"t\":\"Sum\",\"s\":\"Unit\",\"size\":2}]}}],\"edges\":[[[2,0],[4,0]],[[2,1],[4,1]],[[4,0],[3,0]],[[5,0],[7,0]],[[5,1],[8,0]],[[7,0],[9,0]],[[8,0],[9,1]],[[9,0],[6,0]]],\"metadata\":[null,null,null,null,null,null,null,null,null,null],\"encoder\":\"hugr-rs v0.20.2\",\"entrypoint\":4}],\"extensions\":[]}"
            }
          },
          "incoming": []
        }
      },
      "resolver_id": {
        "id": "SerdeHashResolver"
      }
    },
    "base_commit": "a636a4789ca929c1"
  }
}
