---
source: tests/guppy.rs
expression: module_string
---
; ModuleID = 'test_context'
source_filename = "test_context"

define i16 @_hl.rx.13(i16 %0, double %1) {
alloca_block:
  br label %entry_block

entry_block:                                      ; preds = %alloca_block
  br label %2

2:                                                ; preds = %entry_block
  %3 = call i16 @H(i16 %0)
  %4 = call i16 @RzF64(i16 %3, double %1)
  %5 = call i16 @H(i16 %4)
  switch i32 0, label %6 [
  ]

6:                                                ; preds = %2
  %7 = extractvalue { {} } undef, 0
  br label %8

8:                                                ; preds = %6
  ret i16 %5
}

declare i16 @H(i16)

declare i16 @RzF64(i16, double)

define { i32, {}, {} } @_hl.main.14() {
alloca_block:
  br label %entry_block

entry_block:                                      ; preds = %alloca_block
  br label %0

0:                                                ; preds = %entry_block
  %1 = call i16 @QAlloc()
  %2 = call i16 @_hl.rx.13(i16 %1, double 1.500000e+00)
  %3 = call { i16, { i32, {}, {} } } @Measure(i16 %2)
  %4 = extractvalue { i16, { i32, {}, {} } } %3, 0
  %5 = extractvalue { i16, { i32, {}, {} } } %3, 1
  call void @QFree(i16 %4)
  switch i32 0, label %6 [
  ]

6:                                                ; preds = %0
  %7 = extractvalue { {} } undef, 0
  br label %8

8:                                                ; preds = %6
  ret { i32, {}, {} } %5
}

declare i16 @QAlloc()

declare { i16, { i32, {}, {} } } @Measure(i16)

declare void @QFree(i16)
