---
source: src/types.rs
expression: ‚ä•
---
"{}"
