---
source: src/types.rs
expression: "int([BoundedNat { n: 6 }])"
---
"i64"
