---
source: src/types.rs
expression: "[]+[]"
---
"{ i32, {}, {} }"
