---
source: hugr-passes/tests/static_circuit.rs
expression: gates_to_str(gates)
input_file: hugr-passes/tests/static_circuit/guppy_examples/1.py
---
tket2.quantum.Reset [Node(41)]
tket2.quantum.CX [Node(41), Node(53)]
tket2.quantum.Reset [Node(53)]
tket2.quantum.CX [Node(41), Node(53)]
